2026-07-23 12:42:46.285 | INFO     | app.core.logging:configure_logging:73 - Logging configured | level=INFO | log_dir=/home/igris0410/projects/anime-generation/backend/logs
2026-07-23 12:42:46.285 | INFO     | app.main:lifespan:53 - Starting Anime Generator API v1.0.0 [development]
2026-07-23 12:42:49.481 | INFO     | app.core.logging:configure_logging:73 - Logging configured | level=INFO | log_dir=/home/igris0410/projects/anime-generation/backend/logs
2026-07-23 12:42:49.481 | INFO     | app.main:lifespan:53 - Starting Anime Generator API v1.0.0 [development]
2026-07-23 12:42:49.481 | ERROR    | app.main:lifespan:61 - Model failed to load at startup: Generator checkpoint not found at '/home/igris0410/projects/anime-generation/backend/models/generator_final.pth'. Place the trained .pth file at that location before starting the server.
2026-07-23 12:42:49.482 | INFO     | logging:callHandlers:1706 - Application startup complete.
2026-07-23 12:43:52.603 | INFO     | logging:callHandlers:1706 - Shutting down
2026-07-23 12:43:52.707 | INFO     | logging:callHandlers:1706 - Waiting for application shutdown.
2026-07-23 12:43:55.915 | INFO     | app.core.logging:configure_logging:73 - Logging configured | level=INFO | log_dir=/home/igris0410/projects/anime-generation/backend/logs
2026-07-23 12:43:55.915 | INFO     | app.main:lifespan:53 - Starting Anime Generator API v1.0.0 [development]
2026-07-23 12:43:55.916 | INFO     | app.core.model_loader:load:111 - Loading generator checkpoint from /home/igris0410/projects/anime-generation/backend/models/generator_final.pth onto device=cpu
2026-07-23 12:43:55.961 | SUCCESS  | app.core.model_loader:load:131 - Generator model loaded successfully. device=cpu
2026-07-23 12:43:59.099 | INFO     | app.core.logging:configure_logging:73 - Logging configured | level=INFO | log_dir=/home/igris0410/projects/anime-generation/backend/logs
2026-07-23 12:43:59.099 | INFO     | app.main:lifespan:53 - Starting Anime Generator API v1.0.0 [development]
2026-07-23 12:43:59.100 | INFO     | app.core.model_loader:load:111 - Loading generator checkpoint from /home/igris0410/projects/anime-generation/backend/models/generator_final.pth onto device=cpu
2026-07-23 12:43:59.163 | SUCCESS  | app.core.model_loader:load:131 - Generator model loaded successfully. device=cpu
2026-07-23 12:43:59.166 | INFO     | logging:callHandlers:1706 - Application startup complete.
2026-07-23 12:44:04.552 | INFO     | app.core.logging:configure_logging:73 - Logging configured | level=INFO | log_dir=/home/igris0410/projects/anime-generation/backend/logs
2026-07-23 12:44:04.553 | INFO     | app.main:lifespan:53 - Starting Anime Generator API v1.0.0 [development]
2026-07-23 12:44:04.554 | INFO     | app.core.model_loader:load:111 - Loading generator checkpoint from /home/igris0410/projects/anime-generation/backend/models/generator_final.pth onto device=cpu
2026-07-23 12:44:04.602 | SUCCESS  | app.core.model_loader:load:131 - Generator model loaded successfully. device=cpu
2026-07-23 12:44:04.719 | INFO     | app.services.generator_service:generate_image:70 - Generated image 'd71c09c5.png' | seed=None | device=cpu | time=109.89ms
2026-07-23 12:44:04.722 | INFO     | logging:callHandlers:1706 - HTTP Request: POST http://testserver/generate "HTTP/1.1 200 OK"
2026-07-23 12:44:04.724 | INFO     | app.core.model_loader:unload:139 - Generator model unloaded.
2026-07-23 12:44:04.725 | INFO     | app.main:lifespan:66 - Application shutdown complete.
2026-07-23 12:44:04.786 | INFO     | app.core.logging:configure_logging:73 - Logging configured | level=INFO | log_dir=/home/igris0410/projects/anime-generation/backend/logs
2026-07-23 12:44:04.786 | INFO     | app.main:lifespan:53 - Starting Anime Generator API v1.0.0 [development]
2026-07-23 12:44:04.787 | INFO     | app.core.model_loader:load:111 - Loading generator checkpoint from /home/igris0410/projects/anime-generation/backend/models/generator_final.pth onto device=cpu
2026-07-23 12:44:04.827 | SUCCESS  | app.core.model_loader:load:131 - Generator model loaded successfully. device=cpu
2026-07-23 12:44:04.854 | INFO     | app.services.generator_service:generate_image:70 - Generated image '413e3268.png' | seed=42 | device=cpu | time=17.41ms
2026-07-23 12:44:04.856 | INFO     | logging:callHandlers:1706 - HTTP Request: POST http://testserver/generate "HTTP/1.1 200 OK"
2026-07-23 12:44:04.872 | INFO     | app.services.generator_service:generate_image:70 - Generated image 'b5edf83d.png' | seed=42 | device=cpu | time=12.35ms
2026-07-23 12:44:04.873 | INFO     | logging:callHandlers:1706 - HTTP Request: POST http://testserver/generate "HTTP/1.1 200 OK"
2026-07-23 12:44:04.874 | INFO     | app.core.model_loader:unload:139 - Generator model unloaded.
2026-07-23 12:44:04.874 | INFO     | app.main:lifespan:66 - Application shutdown complete.
2026-07-23 12:44:04.930 | INFO     | app.core.logging:configure_logging:73 - Logging configured | level=INFO | log_dir=/home/igris0410/projects/anime-generation/backend/logs
2026-07-23 12:44:04.930 | INFO     | app.main:lifespan:53 - Starting Anime Generator API v1.0.0 [development]
2026-07-23 12:44:04.932 | INFO     | app.core.model_loader:load:111 - Loading generator checkpoint from /home/igris0410/projects/anime-generation/backend/models/generator_final.pth onto device=cpu
2026-07-23 12:44:04.995 | SUCCESS  | app.core.model_loader:load:131 - Generator model loaded successfully. device=cpu
2026-07-23 12:44:05.032 | INFO     | app.services.generator_service:generate_image:70 - Generated image '198d1cd0.png' | seed=None | device=cpu | time=30.66ms
2026-07-23 12:44:05.033 | INFO     | logging:callHandlers:1706 - HTTP Request: POST http://testserver/generate "HTTP/1.1 200 OK"
2026-07-23 12:44:05.038 | INFO     | logging:callHandlers:1706 - HTTP Request: GET http://testserver/generated/198d1cd0.png "HTTP/1.1 200 OK"
2026-07-23 12:44:05.039 | INFO     | app.core.model_loader:unload:139 - Generator model unloaded.
2026-07-23 12:44:05.039 | INFO     | app.main:lifespan:66 - Application shutdown complete.
2026-07-23 12:44:05.093 | INFO     | app.core.logging:configure_logging:73 - Logging configured | level=INFO | log_dir=/home/igris0410/projects/anime-generation/backend/logs
2026-07-23 12:44:05.093 | INFO     | app.main:lifespan:53 - Starting Anime Generator API v1.0.0 [development]
2026-07-23 12:44:05.093 | INFO     | app.core.model_loader:load:111 - Loading generator checkpoint from /home/igris0410/projects/anime-generation/backend/models/generator_final.pth onto device=cpu
2026-07-23 12:44:05.123 | SUCCESS  | app.core.model_loader:load:131 - Generator model loaded successfully. device=cpu
2026-07-23 12:44:05.127 | INFO     | logging:callHandlers:1706 - HTTP Request: GET http://testserver/generated/..%2f..%2fetc%2fpasswd "HTTP/1.1 404 Not Found"
2026-07-23 12:44:05.128 | INFO     | app.core.model_loader:unload:139 - Generator model unloaded.
2026-07-23 12:44:05.129 | INFO     | app.main:lifespan:66 - Application shutdown complete.
2026-07-23 12:44:05.168 | INFO     | app.core.logging:configure_logging:73 - Logging configured | level=INFO | log_dir=/home/igris0410/projects/anime-generation/backend/logs
2026-07-23 12:44:05.169 | INFO     | app.main:lifespan:53 - Starting Anime Generator API v1.0.0 [development]
2026-07-23 12:44:05.169 | INFO     | app.core.model_loader:load:111 - Loading generator checkpoint from /home/igris0410/projects/anime-generation/backend/models/generator_final.pth onto device=cpu
2026-07-23 12:44:05.210 | SUCCESS  | app.core.model_loader:load:131 - Generator model loaded successfully. device=cpu
2026-07-23 12:44:05.214 | WARNING  | app.main:handler:96 - ImageNotFoundError on /generated/deadbeef.png -> 404: Generated image 'deadbeef.png' does not exist.
2026-07-23 12:44:05.215 | INFO     | logging:callHandlers:1706 - HTTP Request: GET http://testserver/generated/deadbeef.png "HTTP/1.1 404 Not Found"
2026-07-23 12:44:05.216 | INFO     | app.core.model_loader:unload:139 - Generator model unloaded.
2026-07-23 12:44:05.216 | INFO     | app.main:lifespan:66 - Application shutdown complete.
2026-07-23 12:44:05.233 | INFO     | app.core.logging:configure_logging:73 - Logging configured | level=INFO | log_dir=/home/igris0410/projects/anime-generation/backend/logs
2026-07-23 12:44:05.233 | INFO     | app.main:lifespan:53 - Starting Anime Generator API v1.0.0 [development]
2026-07-23 12:44:05.234 | INFO     | app.core.model_loader:load:111 - Loading generator checkpoint from /home/igris0410/projects/anime-generation/backend/models/generator_final.pth onto device=cpu
2026-07-23 12:44:05.293 | SUCCESS  | app.core.model_loader:load:131 - Generator model loaded successfully. device=cpu
2026-07-23 12:44:05.298 | INFO     | logging:callHandlers:1706 - HTTP Request: GET http://testserver/ "HTTP/1.1 200 OK"
2026-07-23 12:44:05.299 | INFO     | app.core.model_loader:unload:139 - Generator model unloaded.
2026-07-23 12:44:05.300 | INFO     | app.main:lifespan:66 - Application shutdown complete.
2026-07-23 12:44:05.330 | INFO     | app.core.logging:configure_logging:73 - Logging configured | level=INFO | log_dir=/home/igris0410/projects/anime-generation/backend/logs
2026-07-23 12:44:05.330 | INFO     | app.main:lifespan:53 - Starting Anime Generator API v1.0.0 [development]
2026-07-23 12:44:05.331 | INFO     | app.core.model_loader:load:111 - Loading generator checkpoint from /home/igris0410/projects/anime-generation/backend/models/generator_final.pth onto device=cpu
2026-07-23 12:44:05.377 | SUCCESS  | app.core.model_loader:load:131 - Generator model loaded successfully. device=cpu
2026-07-23 12:44:05.382 | INFO     | logging:callHandlers:1706 - HTTP Request: GET http://testserver/health "HTTP/1.1 200 OK"
2026-07-23 12:44:05.383 | INFO     | app.core.model_loader:unload:139 - Generator model unloaded.
2026-07-23 12:44:05.383 | INFO     | app.main:lifespan:66 - Application shutdown complete.
2026-07-23 12:44:13.286 | INFO     | app.core.logging:configure_logging:73 - Logging configured | level=INFO | log_dir=/home/igris0410/projects/anime-generation/backend/logs
2026-07-23 12:44:13.286 | INFO     | app.main:lifespan:53 - Starting Anime Generator API v1.0.0 [development]
2026-07-23 12:44:13.287 | INFO     | app.core.model_loader:load:111 - Loading generator checkpoint from /home/igris0410/projects/anime-generation/backend/models/generator_final.pth onto device=cpu
2026-07-23 12:44:13.346 | SUCCESS  | app.core.model_loader:load:131 - Generator model loaded successfully. device=cpu
2026-07-23 12:44:13.357 | INFO     | logging:callHandlers:1706 - HTTP Request: GET http://testserver/health "HTTP/1.1 200 OK"
2026-07-23 12:44:13.413 | INFO     | app.services.generator_service:generate_image:70 - Generated image 'a85444c4.png' | seed=42 | device=cpu | time=43.80ms
2026-07-23 12:44:13.415 | INFO     | logging:callHandlers:1706 - HTTP Request: POST http://testserver/generate "HTTP/1.1 200 OK"
2026-07-23 12:44:13.418 | INFO     | app.core.model_loader:unload:139 - Generator model unloaded.
2026-07-23 12:44:13.419 | INFO     | app.main:lifespan:66 - Application shutdown complete.
2026-07-23 12:44:27.863 | INFO     | logging:callHandlers:1706 - Shutting down
2026-07-23 12:44:27.965 | INFO     | logging:callHandlers:1706 - Waiting for application shutdown.
2026-07-23 12:44:27.967 | INFO     | app.core.model_loader:unload:139 - Generator model unloaded.
2026-07-23 12:44:37.133 | INFO     | app.core.logging:configure_logging:73 - Logging configured | level=INFO | log_dir=/home/igris0410/projects/anime-generation/backend/logs
2026-07-23 12:44:37.133 | INFO     | app.main:lifespan:53 - Starting Anime Generator API v1.0.0 [development]
2026-07-23 12:44:37.134 | INFO     | app.core.model_loader:load:111 - Loading generator checkpoint from /home/igris0410/projects/anime-generation/backend/models/generator_final.pth onto device=cpu
2026-07-23 12:44:37.175 | SUCCESS  | app.core.model_loader:load:131 - Generator model loaded successfully. device=cpu
2026-07-23 12:44:37.177 | INFO     | logging:callHandlers:1706 - Application startup complete.
2026-07-23 12:44:50.513 | INFO     | logging:callHandlers:1706 - 127.0.0.1:51494 - "GET / HTTP/1.1" 200
2026-07-23 12:44:50.620 | INFO     | logging:callHandlers:1706 - 127.0.0.1:51494 - "GET /favicon.ico HTTP/1.1" 404
2026-07-23 12:45:05.864 | INFO     | logging:callHandlers:1706 - Shutting down
2026-07-23 12:45:05.966 | INFO     | logging:callHandlers:1706 - Waiting for application shutdown.
2026-07-23 12:45:05.970 | INFO     | app.core.model_loader:unload:139 - Generator model unloaded.
2026-07-23 12:45:05.971 | INFO     | app.main:lifespan:66 - Application shutdown complete.
2026-07-25 18:26:22.036 | INFO     | app.core.logging:configure_logging:73 - Logging configured | level=INFO | log_dir=/home/igris0410/projects/anime-generation/backend/logs
2026-07-25 18:26:22.036 | INFO     | app.main:lifespan:53 - Starting Anime Generator API v1.0.0 [development]
2026-07-25 18:26:22.037 | INFO     | app.core.model_loader:load:111 - Loading generator checkpoint from /home/igris0410/projects/anime-generation/backend/models/generator_final.pth onto device=cpu
2026-07-25 18:26:22.105 | SUCCESS  | app.core.model_loader:load:131 - Generator model loaded successfully. device=cpu
2026-07-25 18:26:22.109 | INFO     | logging:callHandlers:1706 - Application startup complete.
2026-07-25 18:28:08.009 | INFO     | logging:callHandlers:1706 - Shutting down
2026-07-25 18:28:08.110 | INFO     | logging:callHandlers:1706 - Waiting for application shutdown.
2026-07-27 18:41:46.771 | INFO     | app.core.logging:configure_logging:73 - Logging configured | level=INFO | log_dir=/home/igris0410/projects/anime-generation/backend/logs
2026-07-27 18:41:46.772 | INFO     | app.main:lifespan:53 - Starting Anime Generator API v1.0.0 [development]
2026-07-27 18:41:46.773 | INFO     | app.core.model_loader:load:111 - Loading generator checkpoint from /home/igris0410/projects/anime-generation/backend/models/generator_final.pth onto device=cpu
2026-07-27 18:41:46.843 | SUCCESS  | app.core.model_loader:load:131 - Generator model loaded successfully. device=cpu
2026-07-27 18:41:46.845 | INFO     | logging:callHandlers:1706 - Application startup complete.
2026-07-27 18:41:50.111 | INFO     | logging:callHandlers:1706 - 127.0.0.1:55612 - "OPTIONS /health HTTP/1.1" 200
2026-07-27 18:41:50.133 | INFO     | logging:callHandlers:1706 - 127.0.0.1:55616 - "GET /health HTTP/1.1" 200
2026-07-27 18:41:52.507 | INFO     | logging:callHandlers:1706 - 127.0.0.1:55616 - "GET /health HTTP/1.1" 200
2026-07-27 18:41:52.520 | INFO     | logging:callHandlers:1706 - 127.0.0.1:55616 - "GET /health HTTP/1.1" 200
2026-07-27 18:42:07.529 | INFO     | logging:callHandlers:1706 - 127.0.0.1:49716 - "GET /health HTTP/1.1" 200
2026-07-27 18:42:13.332 | INFO     | logging:callHandlers:1706 - Shutting down
2026-07-27 18:42:13.433 | INFO     | logging:callHandlers:1706 - Waiting for application shutdown.
2026-07-27 18:42:13.435 | INFO     | app.core.model_loader:unload:139 - Generator model unloaded.
2026-07-27 18:49:10.788 | INFO     | app.core.logging:configure_logging:73 - Logging configured | level=INFO | log_dir=/home/igris0410/projects/anime-generation/backend/logs
2026-07-27 18:49:10.789 | INFO     | app.main:lifespan:53 - Starting Anime Generator API v1.0.0 [development]
2026-07-27 18:49:10.789 | INFO     | app.core.model_loader:load:111 - Loading generator checkpoint from /home/igris0410/projects/anime-generation/backend/models/generator_final.pth onto device=cpu
2026-07-27 18:49:10.862 | SUCCESS  | app.core.model_loader:load:131 - Generator model loaded successfully. device=cpu
2026-07-27 18:49:10.873 | INFO     | logging:callHandlers:1706 - Application startup complete.
2026-07-27 18:49:17.245 | INFO     | logging:callHandlers:1706 - 127.0.0.1:50138 - "GET /health HTTP/1.1" 200
2026-07-27 18:49:17.249 | INFO     | logging:callHandlers:1706 - 127.0.0.1:50138 - "GET /health HTTP/1.1" 200
2026-07-27 18:49:24.130 | INFO     | logging:callHandlers:1706 - 127.0.0.1:47844 - "OPTIONS /generate HTTP/1.1" 200
2026-07-27 18:49:24.244 | INFO     | app.services.generator_service:generate_image:70 - Generated image '14fd49f6.png' | seed=2 | device=cpu | time=106.65ms
2026-07-27 18:49:24.245 | INFO     | logging:callHandlers:1706 - 127.0.0.1:47854 - "POST /generate HTTP/1.1" 200
2026-07-27 18:49:24.266 | INFO     | logging:callHandlers:1706 - 127.0.0.1:47854 - "GET /health HTTP/1.1" 200
2026-07-27 18:49:24.284 | INFO     | logging:callHandlers:1706 - 127.0.0.1:47866 - "GET /generated/14fd49f6.png HTTP/1.1" 200
2026-07-27 18:49:29.944 | INFO     | logging:callHandlers:1706 - 127.0.0.1:47874 - "GET /generated/14fd49f6.png HTTP/1.1" 200
2026-07-27 18:49:32.248 | INFO     | logging:callHandlers:1706 - 127.0.0.1:47888 - "GET /health HTTP/1.1" 200
2026-07-27 18:49:47.249 | INFO     | logging:callHandlers:1706 - 127.0.0.1:53070 - "GET /health HTTP/1.1" 200
2026-07-27 18:49:56.449 | INFO     | logging:callHandlers:1706 - 127.0.0.1:48834 - "GET /health HTTP/1.1" 200
2026-07-27 18:49:56.464 | INFO     | logging:callHandlers:1706 - 127.0.0.1:48834 - "GET /health HTTP/1.1" 200
2026-07-27 18:50:06.423 | INFO     | logging:callHandlers:1706 - Shutting down
2026-07-27 18:50:06.525 | INFO     | logging:callHandlers:1706 - Waiting for application shutdown.
